[    0.000000] Initializing cgroup subsys cpuset
[    0.000000] Initializing cgroup subsys cpu
[    0.000000] Initializing cgroup subsys cpuacct
[    0.000000] Linux version 4.4.0-116-generic (buildd@lgw01-amd64-021) (gcc version 5.4.0 20160609 (Ubuntu 5.4.0-6ubuntu1~16.04.9) ) #140-Ubuntu SMP Mon Feb 12 21:23:04 UTC 2018 (Ubuntu 4.4.0-116.140-generic 4.4.98)
[    0.000000] Command line: BOOT_IMAGE=/boot/vmlinuz-4.4.0-116-generic root=LABEL=cloudimg-rootfs ro console=tty1 console=ttyS0
[    0.000000] KERNEL supported cpus:
[    0.000000]   Intel GenuineIntel
[    0.000000]   AMD AuthenticAMD
[    0.000000]   Centaur CentaurHauls
[    0.000000] x86/fpu: xstate_offset[2]:  576, xstate_sizes[2]:  256
[    0.000000] x86/fpu: Supporting XSAVE feature 0x01: 'x87 floating point registers'
[    0.000000] x86/fpu: Supporting XSAVE feature 0x02: 'SSE registers'
[    0.000000] x86/fpu: Supporting XSAVE feature 0x04: 'AVX registers'
[    0.000000] x86/fpu: Enabled xstate features 0x7, context size is 832 bytes, using 'standard' format.
[    0.000000] x86/fpu: Using 'lazy' FPU context switches.
[    0.000000] e820: BIOS-provided physical RAM map:
[    0.000000] BIOS-e820: [mem 0x0000000000000000-0x000000000009fbff] usable
[    0.000000] BIOS-e820: [mem 0x000000000009fc00-0x000000000009ffff] reserved
[    0.000000] BIOS-e820: [mem 0x00000000000f0000-0x00000000000fffff] reserved
[    0.000000] BIOS-e820: [mem 0x0000000000100000-0x000000000ffeffff] usable
[    0.000000] BIOS-e820: [mem 0x000000000fff0000-0x000000000fffffff] ACPI data
[    0.000000] BIOS-e820: [mem 0x00000000fec00000-0x00000000fec00fff] reserved
[    0.000000] BIOS-e820: [mem 0x00000000fee00000-0x00000000fee00fff] reserved
[    0.000000] BIOS-e820: [mem 0x00000000fffc0000-0x00000000ffffffff] reserved
[    0.000000] NX (Execute Disable) protection: active
[    0.000000] SMBIOS 2.5 present.
[    0.000000] Hypervisor detected: KVM
[    0.000000] Kernel/User page tables isolation: disabled
[    0.000000] e820: last_pfn = 0xfff0 max_arch_pfn = 0x400000000
[    0.000000] MTRR: Disabled
[    0.000000] x86/PAT: MTRRs disabled, skipping PAT initialization too.
[    0.000000] CPU MTRRs all blank - virtualized system.
[    0.000000] x86/PAT: Configuration [0-7]: WB  WT  UC- UC  WB  WT  UC- UC  
[    0.000000] found SMP MP-table at [mem 0x0009fff0-0x0009ffff] mapped at [ffff88000009fff0]
[    0.000000] Scanning 1 areas for low memory corruption
[    0.000000] RAMDISK: [mem 0x0ecd1000-0x0f76ffff]
[    0.000000] ACPI: Early table checksum verification disabled
[    0.000000] ACPI: RSDP 0x00000000000E0000 000024 (v02 VBOX  )
[    0.000000] ACPI: XSDT 0x000000000FFF0030 00003C (v01 VBOX   VBOXXSDT 00000001 ASL  00000061)
[    0.000000] ACPI: FACP 0x000000000FFF00F0 0000F4 (v04 VBOX   VBOXFACP 00000001 ASL  00000061)
[    0.000000] ACPI: DSDT 0x000000000FFF0470 0021FF (v02 VBOX   VBOXBIOS 00000002 INTL 20160108)
[    0.000000] ACPI: FACS 0x000000000FFF0200 000040
[    0.000000] ACPI: FACS 0x000000000FFF0200 000040
[    0.000000] ACPI: APIC 0x000000000FFF0240 00005C (v02 VBOX   VBOXAPIC 00000001 ASL  00000061)
[    0.000000] ACPI: SSDT 0x000000000FFF02A0 0001CC (v01 VBOX   VBOXCPUT 00000002 INTL 20160108)
[    0.000000] No NUMA configuration found
[    0.000000] Faking a node at [mem 0x0000000000000000-0x000000000ffeffff]
[    0.000000] NODE_DATA(0) allocated [mem 0x0ffeb000-0x0ffeffff]
[    0.000000] kvm-clock: Using msrs 4b564d01 and 4b564d00
[    0.000000] kvm-clock: cpu 0, msr 0:ffe3001, primary cpu clock
[    0.000000] kvm-clock: using sched offset of 5404403601 cycles
[    0.000000] clocksource: kvm-clock: mask: 0xffffffffffffffff max_cycles: 0x1cd42e4dffb, max_idle_ns: 881590591483 ns
[    0.000000] Zone ranges:
[    0.000000]   DMA      [mem 0x0000000000001000-0x0000000000ffffff]
[    0.000000]   DMA32    [mem 0x0000000001000000-0x000000000ffeffff]
[    0.000000]   Normal   empty
[    0.000000]   Device   empty
[    0.000000] Movable zone start for each node
[    0.000000] Early memory node ranges
[    0.000000]   node   0: [mem 0x0000000000001000-0x000000000009efff]
[    0.000000]   node   0: [mem 0x0000000000100000-0x000000000ffeffff]
[    0.000000] Initmem setup node 0 [mem 0x0000000000001000-0x000000000ffeffff]
[    0.000000] ACPI: PM-Timer IO Port: 0x4008
[    0.000000] IOAPIC[0]: apic_id 2, version 32, address 0xfec00000, GSI 0-23
[    0.000000] ACPI: INT_SRC_OVR (bus 0 bus_irq 0 global_irq 2 dfl dfl)
[    0.000000] ACPI: INT_SRC_OVR (bus 0 bus_irq 9 global_irq 9 high level)
[    0.000000] Using ACPI (MADT) for SMP configuration information
[    0.000000] smpboot: Allowing 2 CPUs, 0 hotplug CPUs
[    0.000000] PM: Registered nosave memory: [mem 0x00000000-0x00000fff]
[    0.000000] PM: Registered nosave memory: [mem 0x0009f000-0x0009ffff]
[    0.000000] PM: Registered nosave memory: [mem 0x000a0000-0x000effff]
[    0.000000] PM: Registered nosave memory: [mem 0x000f0000-0x000fffff]
[    0.000000] e820: [mem 0x10000000-0xfebfffff] available for PCI devices
[    0.000000] Booting paravirtualized kernel on KVM
[    0.000000] clocksource: refined-jiffies: mask: 0xffffffff max_cycles: 0xffffffff, max_idle_ns: 7645519600211568 ns
[    0.000000] setup_percpu: NR_CPUS:512 nr_cpumask_bits:512 nr_cpu_ids:2 nr_node_ids:1
[    0.000000] PERCPU: Embedded 34 pages/cpu @ffff88000fc00000 s99544 r8192 d31528 u1048576
[    0.000000] PV qspinlock hash table entries: 256 (order: 0, 4096 bytes)
[    0.000000] Built 1 zonelists in Node order, mobility grouping on.  Total pages: 64377
[    0.000000] Policy zone: DMA32
[    0.000000] Kernel command line: BOOT_IMAGE=/boot/vmlinuz-4.4.0-116-generic root=LABEL=cloudimg-rootfs ro console=tty1 console=ttyS0
[    0.000000] PID hash table entries: 1024 (order: 1, 8192 bytes)
[    0.000000] Memory: 227536K/261688K available (8530K kernel code, 1309K rwdata, 3992K rodata, 1508K init, 1316K bss, 34152K reserved, 0K cma-reserved)
[    0.000000] SLUB: HWalign=64, Order=0-3, MinObjects=0, CPUs=2, Nodes=1
[    0.000000] Hierarchical RCU implementation.
[    0.000000] 	Build-time adjustment of leaf fanout to 64.
[    0.000000] 	RCU restricting CPUs from NR_CPUS=512 to nr_cpu_ids=2.
[    0.000000] RCU: Adjusting geometry for rcu_fanout_leaf=64, nr_cpu_ids=2
[    0.000000] NR_IRQS:33024 nr_irqs:440 16
[    0.000000] Console: colour VGA+ 80x25
[    0.000000] console [tty1] enabled
[    0.000000] console [ttyS0] enabled
[    0.000000] tsc: Detected 2195.880 MHz processor
[    0.000000] tsc: Marking TSC unstable due to TSCs unsynchronized
[    0.012000] Calibrating delay loop (skipped) preset value.. 4391.76 BogoMIPS (lpj=8783520)
[    0.016016] pid_max: default: 32768 minimum: 301
[    0.020082] ACPI: Core revision 20150930
[    0.030566] ACPI: 2 ACPI AML tables successfully acquired and loaded
[    0.036063] Security Framework initialized
[    0.039682] Yama: becoming mindful.
[    0.040064] AppArmor: AppArmor initialized
[    0.044139] Dentry cache hash table entries: 32768 (order: 6, 262144 bytes)
[    0.048157] Inode-cache hash table entries: 16384 (order: 5, 131072 bytes)
[    0.052106] Mount-cache hash table entries: 512 (order: 0, 4096 bytes)
[    0.056037] Mountpoint-cache hash table entries: 512 (order: 0, 4096 bytes)
[    0.060571] Initializing cgroup subsys io
[    0.064036] Initializing cgroup subsys memory
[    0.068076] Initializing cgroup subsys devices
[    0.072032] Initializing cgroup subsys freezer
[    0.075093] Initializing cgroup subsys net_cls
[    0.076036] Initializing cgroup subsys perf_event
[    0.080023] Initializing cgroup subsys net_prio
[    0.082958] Initializing cgroup subsys hugetlb
[    0.084029] Initializing cgroup subsys pids
[    0.088247] FEATURE SPEC_CTRL Not Present
[    0.091985] FEATURE IBPB Not Present
[    0.092018] Disabling indirect branch predictor support
[    0.096029] CPU: Physical Processor ID: 0
[    0.100015] CPU: Processor Core ID: 0
[    0.115130] mce: CPU supports 0 MCE banks
[    0.116144] Last level iTLB entries: 4KB 512, 2MB 8, 4MB 4
[    0.124012] Last level dTLB entries: 4KB 512, 2MB 256, 4MB 128, 1GB 0
[    0.128011] Spectre V2 mitigation: Mitigation: Full AMD retpoline
[    0.132011] Spectre V2 mitigation: Speculation control IBPB not-supported IBRS not-supported
[    0.143064] Freeing SMP alternatives memory: 32K
[    0.170621] ftrace: allocating 32186 entries in 126 pages
[    0.208191] smpboot: APIC(0) Converting physical 0 to logical package 0
[    0.212026] smpboot: Max logical packages: 1
[    0.216544] x2apic enabled
[    0.220015] Switched APIC routing to physical x2apic.
[    0.229376] ..TIMER: vector=0x30 apic1=0 pin1=2 apic2=-1 pin2=-1
[    0.236000] APIC calibration not consistent with PM-Timer: 104ms instead of 100ms
[    0.236000] APIC delta adjusted to PM-Timer: 6249970 (6500351)
[    0.236120] smpboot: CPU0: AMD A8-7410 APU with AMD Radeon R5 Graphics (family: 0x16, model: 0x30, stepping: 0x1)
[    0.252045] Performance Events: Broken PMU hardware detected, using software events only.
[    0.260022] Failed to access perfctr msr (MSR c0010007 is 0)
[    0.264109] KVM setup paravirtual spinlock
[    0.272153] x86: Booting SMP configuration:
[    0.276022] .... node  #0, CPUs:      #1
[    0.012000] kvm-clock: cpu 1, msr 0:ffe3041, secondary cpu clock
[    0.012000] mce: CPU supports 0 MCE banks
[    0.316102] x86: Booted up 1 node, 2 CPUs
[    0.320020] smpboot: Total of 2 processors activated (8783.52 BogoMIPS)
[    0.340015] devtmpfs: initialized
[    0.365021] evm: security.selinux
[    0.368017] evm: security.SMACK64
[    0.372010] evm: security.SMACK64EXEC
[    0.376011] evm: security.SMACK64TRANSMUTE
[    0.378565] evm: security.SMACK64MMAP
[    0.380020] evm: security.ima
[    0.384014] evm: security.capability
[    0.387118] clocksource: jiffies: mask: 0xffffffff max_cycles: 0xffffffff, max_idle_ns: 7645041785100000 ns
[    0.390705] futex hash table entries: 512 (order: 3, 32768 bytes)
[    0.400213] pinctrl core: initialized pinctrl subsystem
[    0.408212] RTC time:  4:07:29, date: 04/05/18
[    0.412664] NET: Registered protocol family 16
[    0.428034] cpuidle: using governor ladder
[    0.448044] cpuidle: using governor menu
[    0.456083] PCCT header not found.
[    0.460772] ACPI: bus type PCI registered
[    0.464019] acpiphp: ACPI Hot Plug PCI Controller Driver version: 0.5
[    0.468330] PCI: Using configuration type 1 for base access
[    0.472016] PCI: Using configuration type 1 for extended access
[    0.501278] ACPI: Added _OSI(Module Device)
[    0.504025] ACPI: Added _OSI(Processor Device)
[    0.508021] ACPI: Added _OSI(3.0 _SCP Extensions)
[    0.512021] ACPI: Added _OSI(Processor Aggregator Device)
[    0.517329] ACPI: Executed 1 blocks of module-level executable AML code
[    0.531966] ACPI: Interpreter enabled
[    0.532051] ACPI: (supports S0 S5)
[    0.536019] ACPI: Using IOAPIC for interrupt routing
[    0.540533] PCI: Using host bridge windows from ACPI; if necessary, use "pci=nocrs" and report a bug
[    0.558296] ACPI: PCI Root Bridge [PCI0] (domain 0000 [bus 00-ff])
[    0.560036] acpi PNP0A03:00: _OSC: OS supports [ExtendedConfig ASPM ClockPM Segments MSI]
[    0.564152] acpi PNP0A03:00: _OSC: OS now controls [PCIeHotplug PME AER PCIeCapability]
[    0.568637] PCI host bridge to bus 0000:00
[    0.572022] pci_bus 0000:00: root bus resource [io  0x0000-0x0cf7 window]
[    0.576024] pci_bus 0000:00: root bus resource [io  0x0d00-0xffff window]
[    0.580027] pci_bus 0000:00: root bus resource [mem 0x000a0000-0x000bffff window]
[    0.584027] pci_bus 0000:00: root bus resource [mem 0x10000000-0xffdfffff window]
[    0.588032] pci_bus 0000:00: root bus resource [bus 00-ff]
[    0.595142] pci 0000:00:01.1: legacy IDE quirk: reg 0x10: [io  0x01f0-0x01f7]
[    0.596022] pci 0000:00:01.1: legacy IDE quirk: reg 0x14: [io  0x03f6]
[    0.600027] pci 0000:00:01.1: legacy IDE quirk: reg 0x18: [io  0x0170-0x0177]
[    0.604026] pci 0000:00:01.1: legacy IDE quirk: reg 0x1c: [io  0x0376]
[    0.648894] pci 0000:00:07.0: quirk: [io  0x4000-0x403f] claimed by PIIX4 ACPI
[    0.652048] pci 0000:00:07.0: quirk: [io  0x4100-0x410f] claimed by PIIX4 SMB
[    0.678401] ACPI: PCI Interrupt Link [LNKA] (IRQs 5 9 10 *11)
[    0.684580] ACPI: PCI Interrupt Link [LNKB] (IRQs 5 9 10 *11)
[    0.690583] ACPI: PCI Interrupt Link [LNKC] (IRQs 5 9 *10 11)
[    0.696886] ACPI: PCI Interrupt Link [LNKD] (IRQs 5 *9 10 11)
[    0.702750] ACPI: Enabled 2 GPEs in block 00 to 07
[    0.707361] vgaarb: setting as boot device: PCI:0000:00:02.0
[    0.708000] vgaarb: device added: PCI:0000:00:02.0,decodes=io+mem,owns=io+mem,locks=none
[    0.708019] vgaarb: loaded
[    0.712019] vgaarb: bridge control possible 0000:00:02.0
[    0.724734] SCSI subsystem initialized
[    0.734102] ACPI: bus type USB registered
[    0.736185] usbcore: registered new interface driver usbfs
[    0.744028] usbcore: registered new interface driver hub
[    0.753766] usbcore: registered new device driver usb
[    0.768157] PCI: Using ACPI for IRQ routing
[    0.812634] NetLabel: Initializing
[    0.872023] NetLabel:  domain hash size = 128
[    0.924023] NetLabel:  protocols = UNLABELED CIPSOv4
[    0.948061] NetLabel:  unlabeled traffic allowed by default
[    0.965159] amd_nb: Cannot enumerate AMD northbridges
[    1.012380] clocksource: Switched to clocksource kvm-clock
[    1.049745] AppArmor: AppArmor Filesystem Enabled
[    1.061098] pnp: PnP ACPI init
[    1.067217] pnp: PnP ACPI: found 3 devices
[    1.110568] clocksource: acpi_pm: mask: 0xffffff max_cycles: 0xffffff, max_idle_ns: 2085701024 ns
[    1.124045] NET: Registered protocol family 2
[    1.151985] TCP established hash table entries: 2048 (order: 2, 16384 bytes)
[    1.201256] TCP bind hash table entries: 2048 (order: 3, 32768 bytes)
[    1.233765] TCP: Hash tables configured (established 2048 bind 2048)
[    1.274489] UDP hash table entries: 256 (order: 1, 8192 bytes)
[    1.318905] UDP-Lite hash table entries: 256 (order: 1, 8192 bytes)
[    1.357746] NET: Registered protocol family 1
[    1.384692] pci 0000:00:00.0: Limiting direct PCI/PCI transfers
[    1.473084] pci 0000:00:01.0: Activating ISA DMA hang workarounds
[    1.551431] Unpacking initramfs...
[    5.657739] Freeing initrd memory: 10876K
[    5.664975] clocksource: tsc: mask: 0xffffffffffffffff max_cycles: 0x1fa6ff058a4, max_idle_ns: 440795278046 ns
[    5.672216] platform rtc_cmos: registered platform RTC device (no PNP device found)
[    5.672295] Scanning for low memory corruption every 60 seconds
[    5.673084] audit: initializing netlink subsys (disabled)
[    5.673113] audit: type=2000 audit(1522901260.514:1): initialized
[    5.673661] Initialise system trusted keyring
[    5.673842] HugeTLB registered 2 MB page size, pre-allocated 0 pages
[    5.677191] zbud: loaded
[    5.677845] VFS: Disk quotas dquot_6.6.0
[    5.677913] VFS: Dquot-cache hash table entries: 512 (order 0, 4096 bytes)
[    5.678516] squashfs: version 4.0 (2009/01/31) Phillip Lougher
[    5.679133] fuse init (API version 7.23)
[    5.679396] Key type big_key registered
[    5.679423] Allocating IMA MOK and blacklist keyrings.
[    5.680223] Key type asymmetric registered
[    5.680227] Asymmetric key parser 'x509' registered
[    5.680339] Block layer SCSI generic (bsg) driver version 0.4 loaded (major 249)
[    5.680396] io scheduler noop registered
[    5.680411] io scheduler deadline registered (default)
[    5.680469] io scheduler cfq registered
[    5.680691] pci_hotplug: PCI Hot Plug PCI Core version: 0.5
[    5.680706] pciehp: PCI Express Hot Plug Controller Driver version: 0.4
[    5.681006] ACPI: AC Adapter [AC] (on-line)
[    5.681128] input: Power Button as /devices/LNXSYSTM:00/LNXPWRBN:00/input/input0
[    5.681135] ACPI: Power Button [PWRF]
[    5.681257] input: Sleep Button as /devices/LNXSYSTM:00/LNXSLPBN:00/input/input1
[    5.681261] ACPI: Sleep Button [SLPF]
[    5.681547] GHES: HEST is not enabled!
[    5.681741] Serial: 8250/16550 driver, 32 ports, IRQ sharing enabled
[    5.720420] 00:02: ttyS0 at I/O 0x3f8 (irq = 4, base_baud = 115200) is a 16550A
[    5.741275] ACPI: Battery Slot [BAT0] (battery present)
[    5.750655] Linux agpgart interface v0.103
[    5.812431] loop: module loaded
[    5.814149] scsi host0: ata_piix
[    5.814348] scsi host1: ata_piix
[    5.814429] ata1: PATA max UDMA/33 cmd 0x1f0 ctl 0x3f6 bmdma 0xd000 irq 14
[    5.814431] ata2: PATA max UDMA/33 cmd 0x170 ctl 0x376 bmdma 0xd008 irq 15
[    5.814662] libphy: Fixed MDIO Bus: probed
[    5.814667] tun: Universal TUN/TAP device driver, 1.6
[    5.814668] tun: (C) 1999-2004 Max Krasnyansky <maxk@qualcomm.com>
[    5.815399] PPP generic driver version 2.4.2
[    5.815610] ehci_hcd: USB 2.0 'Enhanced' Host Controller (EHCI) Driver
[    5.815622] ehci-pci: EHCI PCI platform driver
[    5.815660] ehci-platform: EHCI generic platform driver
[    5.815677] ohci_hcd: USB 1.1 'Open' Host Controller (OHCI) Driver
[    5.815691] ohci-pci: OHCI PCI platform driver
[    5.815721] ohci-platform: OHCI generic platform driver
[    5.815737] uhci_hcd: USB Universal Host Controller Interface driver
[    5.815909] i8042: PNP: PS/2 Controller [PNP0303:PS2K,PNP0f03:PS2M] at 0x60,0x64 irq 1,12
[    5.832686] serio: i8042 KBD port at 0x60,0x64 irq 1
[    5.832712] serio: i8042 AUX port at 0x60,0x64 irq 12
[    5.833121] mousedev: PS/2 mouse device common for all mice
[    5.833887] rtc_cmos rtc_cmos: rtc core: registered rtc_cmos as rtc0
[    5.834020] rtc_cmos rtc_cmos: alarms up to one day, 114 bytes nvram
[    5.834070] i2c /dev entries driver
[    5.834217] device-mapper: uevent: version 1.0.3
[    5.834409] device-mapper: ioctl: 4.34.0-ioctl (2015-10-28) initialised: dm-devel@redhat.com
[    5.834461] ledtrig-cpu: registered to indicate activity on CPUs
[    5.835234] NET: Registered protocol family 10
[    5.835730] NET: Registered protocol family 17
[    5.835767] Key type dns_resolver registered
[    5.842718] microcode: CPU0: patch_level=0x06000626
[    5.852398] microcode: CPU1: patch_level=0x06000626
[    5.852563] microcode: Microcode Update Driver: v2.01 <tigran@aivazian.fsnet.co.uk>, Peter Oruba
[    5.852935] registered taskstats version 1
[    5.852959] Loading compiled-in X.509 certificates
[    5.858963] Loaded X.509 cert 'Build time autogenerated kernel key: aa84f01984fbd529c105810b59e379d349698248'
[    5.859062] zswap: loaded using pool lzo/zbud
[    5.870974] Key type trusted registered
[    5.890363] Key type encrypted registered
[    5.890380] AppArmor: AppArmor sha1 policy hashing enabled
[    5.890397] ima: No TPM chip found, activating TPM-bypass!
[    5.890479] evm: HMAC attrs: 0x1
[    5.891117]   Magic number: 14:846:109
[    5.912068] rtc_cmos rtc_cmos: setting system clock to 2018-04-05 04:07:36 UTC (1522901256)
[    5.912477] BIOS EDD facility v0.16 2004-Jun-25, 0 devices found
[    5.912478] EDD information not available.
[    5.988991] input: AT Translated Set 2 keyboard as /devices/platform/i8042/serio0/input/input2
[    6.655203] Freeing unused kernel memory: 1508K
[    6.658734] Write protecting the kernel read-only data: 14336k
[    6.666033] Freeing unused kernel memory: 1700K
[    6.672214] Freeing unused kernel memory: 104K
Loading, please wait...
starting version 229
[    6.801864] random: udevadm: uninitialized urandom read (16 bytes read, 3 bits of entropy available)
[    6.804700] random: systemd-udevd: uninitialized urandom read (16 bytes read, 3 bits of entropy available)
[    6.804963] random: systemd-udevd: uninitialized urandom read (16 bytes read, 3 bits of entropy available)
[    6.805001] random: systemd-udevd: uninitialized urandom read (16 bytes read, 3 bits of entropy available)
[    6.805056] random: systemd-udevd: uninitialized urandom read (16 bytes read, 3 bits of entropy available)
[    6.843197] random: udevadm: uninitialized urandom read (16 bytes read, 3 bits of entropy available)
[    6.904843] random: systemd-udevd: uninitialized urandom read (16 bytes read, 3 bits of entropy available)
[    6.908548] random: systemd-udevd: uninitialized urandom read (16 bytes read, 3 bits of entropy available)
[    6.922899] random: systemd-udevd: uninitialized urandom read (16 bytes read, 3 bits of entropy available)
[    6.934517] random: systemd-udevd: uninitialized urandom read (16 bytes read, 3 bits of entropy available)
[    7.335165] e1000: Intel(R) PRO/1000 Network Driver - version 7.3.21-k8-NAPI
[    7.352541] e1000: Copyright (c) 1999-2006 Intel Corporation.
[    7.383143] Fusion MPT base driver 3.04.20
[    7.388881] Copyright (c) 1999-2008 LSI Corporation
[    7.857194] input: ImExPS/2 Generic Explorer Mouse as /devices/platform/i8042/serio1/input/input4
[    8.081938] Fusion MPT SPI Host driver 3.04.20
[    8.653089] AVX version of gcm_enc/dec engaged.
[    8.696965] AES CTR mode by8 optimization enabled
[    9.030957] e1000 0000:00:03.0 eth0: (PCI:33MHz:32-bit) 02:d9:fe:34:b4:72
[    9.197105] e1000 0000:00:03.0 eth0: Intel(R) PRO/1000 Network Connection
[    9.931741] e1000 0000:00:08.0 eth1: (PCI:33MHz:32-bit) 08:00:27:fe:98:71
[    9.996902] e1000 0000:00:08.0 eth1: Intel(R) PRO/1000 Network Connection
[   10.085241] mptbase: ioc0: Initiating bringup
[   10.131874] e1000 0000:00:08.0 enp0s8: renamed from eth1
[   10.218212] e1000 0000:00:03.0 enp0s3: renamed from eth0
[   10.252573] ioc0: LSI53C1030 A0: Capabilities={Initiator}
[   10.451207] scsi host2: ioc0: LSI53C1030 A0, FwRev=00000000h, Ports=1, MaxQ=256, IRQ=20
[   10.540322] floppy0: no floppy controllers found
[   10.633732] scsi 2:0:0:0: Direct-Access     VBOX     HARDDISK         1.0  PQ: 0 ANSI: 5
[   10.664702] scsi target2:0:0: Beginning Domain Validation
[   10.727204] scsi target2:0:0: Domain Validation skipping write tests
[   10.741152] scsi target2:0:0: Ending Domain Validation
[   10.751117] scsi target2:0:0: asynchronous
[   10.823762] scsi 2:0:1:0: Direct-Access     VBOX     HARDDISK         1.0  PQ: 0 ANSI: 5
[   10.909189] scsi target2:0:1: Beginning Domain Validation
[   11.018270] scsi target2:0:1: Domain Validation skipping write tests
[   11.125461] scsi target2:0:1: Ending Domain Validation
[   11.178267] scsi target2:0:1: asynchronous
[   11.306019] sd 2:0:0:0: [sda] 20971520 512-byte logical blocks: (10.7 GB/10.0 GiB)
[   11.307900] sd 2:0:0:0: Attached scsi generic sg0 type 0
[   11.453079] sd 2:0:1:0: Attached scsi generic sg1 type 0
[   11.464757] sd 2:0:1:0: [sdb] 20480 512-byte logical blocks: (10.5 MB/10.0 MiB)
[   11.465104] sd 2:0:1:0: [sdb] Write Protect is off
[   11.465295] sd 2:0:1:0: [sdb] Incomplete mode parameter data
[   11.465298] sd 2:0:1:0: [sdb] Assuming drive cache: write through
[   11.479369] sd 2:0:1:0: [sdb] Attached SCSI disk
[   12.047841] sd 2:0:0:0: [sda] Write Protect is off
[   12.069898] sd 2:0:0:0: [sda] Incomplete mode parameter data
[   12.105955] sd 2:0:0:0: [sda] Assuming drive cache: write through
[   12.191882]  sda: sda1
[   12.214633] sd 2:0:0:0: [sda] Attached SCSI disk
Begin: Loading essential drivers ... [   15.203565] md: linear personality registered for level -1
[   15.234967] md: multipath personality registered for level -4
[   15.282611] md: raid0 personality registered for level 0
[   15.335726] md: raid1 personality registered for level 1
[   15.473170] raid6: sse2x1   gen()   418 MB/s
[   15.544208] raid6: sse2x1   xor()  1717 MB/s
[   15.612227] raid6: sse2x2   gen()  1208 MB/s
[   15.680223] raid6: sse2x2   xor()  2245 MB/s
[   15.748246] raid6: sse2x4   gen()  1247 MB/s
[   15.817065] raid6: sse2x4   xor()  1087 MB/s
[   15.842687] raid6: using algorithm sse2x4 gen() 1247 MB/s
[   15.846683] raid6: .... xor() 1087 MB/s, rmw enabled
[   15.850322] raid6: using ssse3x2 recovery algorithm
[   15.882083] xor: automatically using best checksumming function:
[   15.924299]    avx       :  5550.000 MB/sec
[   15.939053] async_tx: api initialized (async)
[   16.045704] md: raid6 personality registered for level 6
[   16.050499] md: raid5 personality registered for level 5
[   16.063683] md: raid4 personality registered for level 4
[   16.141894] md: raid10 personality registered for level 10
done.
Begin: Running /scripts/init-premount ... done.
Begin: Mounting root file system ... Begin: Running /scripts/local-top ... done.
Begin: Running /scripts/local-premount ... [   16.479002] Btrfs loaded
Scanning for Btrfs filesystems
done.
Warning: fsck not present, so skipping root file system
[   16.835524] EXT4-fs (sda1): mounted filesystem with ordered data mode. Opts: (null)
done.
Begin: Running /scripts/local-bottom ... done.
Begin: Running /scripts/init-bottom ... done.
[   17.557775] random: nonblocking pool is initialized
[   18.559478] systemd[1]: systemd 229 running in system mode. (+PAM +AUDIT +SELINUX +IMA +APPARMOR +SMACK +SYSVINIT +UTMP +LIBCRYPTSETUP +GCRYPT +GNUTLS +ACL +XZ -LZ4 +SECCOMP +BLKID +ELFUTILS +KMOD -IDN)
[   18.618778] systemd[1]: Detected virtualization oracle.
[   18.651726] systemd[1]: Detected architecture x86-64.

Welcome to [1mUbuntu 16.04.4 LTS[0m!

[   18.895392] systemd[1]: Set hostname to <ubuntu-xenial>.
[   22.393809] systemd[1]: Reached target System Time Synchronized.
[[0;32m  OK  [0m] Reached target System Time Synchronized.
[   22.576889] systemd[1]: Listening on udev Control Socket.
[[0;32m  OK  [0m] Listening on udev Control Socket.
[   22.669837] systemd[1]: Created slice User and Session Slice.
[[0;32m  OK  [0m] Created slice User and Session Slice.
[   22.752622] systemd[1]: Reached target User and Group Name Lookups.
[[0;32m  OK  [0m] Reached target User and Group Name Lookups.
[   22.912644] systemd[1]: Reached target Encrypted Volumes.
[[0;32m  OK  [0m] Reached target Encrypted Volumes.
[   23.069685] systemd[1]: Created slice System Slice.
[[0;32m  OK  [0m] Created slice System Slice.
[   23.165919] systemd[1]: Created slice system-serial\x2dgetty.slice.
[[0;32m  OK  [0m] Created slice system-serial\x2dgetty.slice.
[   23.229713] systemd[1]: Reached target Slices.
[[0;32m  OK  [0m] Reached target Slices.
[   23.312814] systemd[1]: Listening on LVM2 metadata daemon socket.
[[0;32m  OK  [0m] Listening on LVM2 metadata daemon socket.
[   23.512785] systemd[1]: Listening on LVM2 poll daemon socket.
[[0;32m  OK  [0m] Listening on LVM2 poll daemon socket.
[   23.676659] systemd[1]: Started Trigger resolvconf update for networkd DNS.
[[0;32m  OK  [0m] Started Trigger resolvconf update for networkd DNS.
[   23.790509] systemd[1]: Reached target Swap.
[[0;32m  OK  [0m] Reached target Swap.
[   23.841925] systemd[1]: Listening on Journal Socket.
[[0;32m  OK  [0m] Listening on Journal Socket.
[   24.025607] systemd[1]: Starting Nameserver information manager...
         Starting Nameserver information manager...
[   24.278179] systemd[1]: Mounting Huge Pages File System...
         Mounting Huge Pages File System...
[   24.331486] systemd[1]: Starting Remount Root and Kernel File Systems...
         Starting Remount Root and Kernel[   24.536775] EXT4-fs (sda1): re-mounted. Opts: (null)
 File Systems...
[   24.664295] systemd[1]: Mounting POSIX Message Queue File System...
         Mounting POSIX Message Queue File System...
[   24.720041] systemd[1]: Mounting Debug File System...
         Mounting Debug File System...
[   24.861139] systemd[1]: Starting Uncomplicated firewall...
         Starting Uncomplicated firewall...
[   25.029824] systemd[1]: Starting Set console keymap...
         Starting Set console keymap...
[   25.209903] systemd[1]: Starting Load Kernel Modules...
         Starting Load Kernel Modules...
[   25.312477] systemd[1]: Listening on udev Kernel Socket.
[[0;32m  OK  [0m] Listening on[   25.477242] Loading iSCSI transport class v2.0-870.
 udev Kernel Socket.
[   25.558342] systemd[1]: Listening on Journal Socket (/dev/log).
[[0;32m  OK  [0m] Listening on Journal Socket [   25.618696] iscsi: registered transport (tcp)
(/dev/log).
[   25.729224] systemd[1]: Set up automount Arbitrary Executable File Formats File System Automount Point.
[[0;32m  OK  [0m] Set up automount Arbitrary Executab...ats File System Automount Point.
[   25.964540] systemd[1]: Listening on /dev/initctl Compatibility Named Pipe.
[[0;32m  OK  [0m] Listening on /dev/initctl Compatibility Named Pipe.
[   26.112430] systemd[1]: Listening on Syslog Socket.
[[0;32m  OK  [0m] Listening on Syslog Socket.
[   26.158904] systemd[1]: Starting Create list of required static device nodes for the current kernel...
         Starting Create [   26.220894] iscsi: registered transport (iser)
list of required st... nodes for the current kernel...
[   26.288763] systemd[1]: Listening on Journal Audit Socket.
[[0;32m  OK  [0m] Listening on Journal Audit Socket.
[   26.397146] systemd[1]: Starting Journal Service...
         Starting Journal Service...
[   26.470143] systemd[1]: Started Forward Password Requests to Wall Directory Watch.
[[0;32m  OK  [0m] Started Forward Password Requests to Wall Directory Watch.
[   26.488525] systemd[1]: Listening on Device-mapper event daemon FIFOs.
[[0;32m  OK  [0m] Listening on Device-mapper event daemon FIFOs.
[   26.528691] systemd[1]: Starting Monitoring of LVM2 mirrors, snapshots etc. using dmeventd or progress polling...
         Starting Monitoring of LVM2 mirrors... dmeventd or progress polling...
[   26.722459] systemd[1]: Mounted POSIX Message Queue File System.
[[0;32m  OK  [0m] Mounted POSIX Message Queue File System.
[   26.864654] systemd[1]: Mounted Debug File System.
[[0;32m  OK  [0m] Mounted Debug File System.
[   27.004847] systemd[1]: Mounted Huge Pages File System.
[[0;32m  OK  [0m] Mounted Huge Pages File System.
[   27.097141] systemd[1]: Started Journal Service.
[[0;32m  OK  [0m] Started Journal Service.
[[0;32m  OK  [0m] Started Remount Root and Kernel File Systems.
[[0;32m  OK  [0m] Started Uncomplicated firewall.
[[0;32m  OK  [0m] Started Set console keymap.
[[0;32m  OK  [0m] Started Load Kernel Modules.
[[0;32m  OK  [0m] Started Create list of required sta...ce nodes for the current kernel.
[[0;32m  OK  [0m] Started Nameserver information manager.
[[0;32m  OK  [0m] Started LVM2 metadata daemon.
         Starting Create Static Device Nodes in /dev...
         Mounting FUSE Control File System...
         Starting Apply Kernel Variables...
         Starting Load/Save Random Seed...
         Starting Initial cloud-init job (pre-networking)...
         Starting udev Coldplug all Devices...
         Starting Flush Journal to Persistent Storage...
[[0;32m  OK  [0m] Mounted FUSE Control File System.
[[0;32m  OK  [0m] Started Monitoring of LVM2 mirrors,...ng dmeventd or progress polling.
[[0;32m  OK  [0m] Started Create Static Device Nodes in /dev.
[[0;32m  OK  [0m] Started Apply Kernel Variables.
[[0;32m  OK  [0m] Started Load/Save Random Seed.
[[0;32m  OK  [0m] Started udev Coldplug all Devices.
         Starting udev Kernel Device Manager...
[[0;32m  OK  [0m] Started Flush Journal to Persistent Storage.
[[0;32m  OK  [0m] Started udev Kernel Device Manager.
[[0;32m  OK  [0m] Reached target Local File Systems (Pre).
[[0;32m  OK  [0m] Reached target Local File Systems.
         Starting Create Volatile Files and Directories...
         Starting Tell Plymouth To Write Out Runtime Data...
         Starting Set console font and keymap...
         Starting LSB: AppArmor initialization...
[[0;32m  OK  [0m] Started Dispatch Password Requests to Console Directory Watch.
[[0;32m  OK  [0m] Started Create Volatile Files and Directories.
[[0;32m  OK  [0m] Started Tell Plymouth To Write Out Runtime Data.
         Starting Update UTMP about System Boot/Shutdown...
[[0;32m  OK  [0m] Started Update UTMP about System Boot/Shutdown.
[[0;32m  OK  [0m] Found device /dev/ttyS0.
[[0;32m  OK  [0m] Found device 82540EM Gigabit Ethern...r (PRO/1000 MT Desktop Adapter).
[[0;32m  OK  [0m] Found device 82540EM Gigabit Ethern...r (PRO/1000 MT Desktop Adapter).
[[0;32m  OK  [0m] Started Set console font and keymap.
[[0;32m  OK  [0m] Created slice system-getty.slice.
[[0;32m  OK  [0m] Listening on Load/Save RF Kill Switch Status /dev/rfkill Watch.
[[0;32m  OK  [0m] Started LSB: AppArmor initialization.
[   44.828530] cloud-init[448]: Cloud-init v. 17.2 running 'init-local' at Thu, 05 Apr 2018 04:08:13 +0000. Up 42.84 seconds.
[[0;32m  OK  [0m] Started Initial cloud-init job (pre-networking).
[[0;32m  OK  [0m] Reached target Network (Pre).
         Starting Raise network interfaces...
[[0;32m  OK  [0m] Started ifup for enp0s3.
[[0;32m  OK  [0m] Started ifup for enp0s8.
[[0;32m  OK  [0m] Started Raise network interfaces.
         Starting Initial cloud-init job (metadata service crawler)...
[[0;32m  OK  [0m] Reached target Network.
[   51.501509] cloud-init[1069]: Cloud-init v. 17.2 running 'init' at Thu, 05 Apr 2018 04:08:18 +0000. Up 48.13 seconds.
[   51.605057] cloud-init[1069]: ci-info: ++++++++++++++++++++++++++++++++++++++Net device info++++++++++++++++++++++++++++++++++++++
[   51.807593] cloud-init[1069]: ci-info: +--------+------+-----------------------------+---------------+-------+-------------------+
[[0;32m  OK  [0m] Started Initial cloud-init job (metadata service crawler).
[   51.958932] cloud-init[1069]: ci-info: | Device |  Up  |           Address           |      Mask     | Scope |     Hw-Address    |
[   52.141173] cloud-init[1069]: ci-info: +--------+------+-----------------------------+---------------+-------+-------------------+
[[0;32m  OK  [0m] Reached target System Initialization.
[   52.240479] cloud-init[1069]: ci-info: | enp0s3 | True |          10.0.2.15          | 255.255.255.0 |   .   | 02:d9:fe:34:b4:72 |
[   52.460868] cloud-init[1069]: ci-info: | enp0s3 | True |  fe80::d9:feff:fe34:b472/64 |       .       |  link | 02:d9:fe:34:b4:72 |
[   52.616877] cloud-init[1069]: ci-info: | enp0s8 | True |         192.168.0.2         | 255.255.255.0 |   .   | 08:00:27:fe:98:71 |
[   52.716853] cloud-init[1069]: ci-info: | enp0s8 | True | fe80::a00:27ff:fefe:9871/64 |       .       |  link | 08:00:27:fe:98:71 |
[   52.860805] cloud-init[1069]: ci-info: |   lo   | True |          127.0.0.1          |   255.0.0.0   |   .   |         .         |
[[0;32m  OK  [0m] Started Timer to automatically refresh installed snaps.
[   52.861271] cloud-init[1069]: ci-info: |   lo   | True |           ::1/128           |       .       |  host |         .         |
[   53.216805] cloud-init[1069]: ci-info: +--------+------+-----------------------------+---------------+-------+-------------------+
[   53.217160] cloud-init[1069]: ci-info: +++++++++++++++++++++++++++Route IPv4 info++++++++++++++++++++++++++++
         Starting Socket activation for snappy daemon.
[[0;32m  OK  [0m] Listening on ACPID Listen Socket.
[[0;32m  OK  [0m] Started Daily apt download activities.
[[0;32m  OK  [0m] Started Daily Cleanup of Temporary Directories.
[   53.217356] cloud-init[1069]: ci-info: +-------+-------------+----------+---------------+-----------+-------+
[   53.884754] cloud-init[1069]: ci-info: | Route | Destination | Gateway  |    Genmask    | Interface | Flags |
[   54.010035] cloud-init[1069]: ci-info: +-------+-------------+----------+---------------+-----------+-------+
[   54.128860] cloud-init[1069]: ci-info: |   0   |   0.0.0.0   | 10.0.2.2 |    0.0.0.0    |   enp0s3  |   UG  |
[   54.129243] cloud-init[1069]: ci-info: |   1   |   10.0.2.0  | 0.0.0.0  | 255.255.255.0 |   enp0s3  |   U   |
         Starting LXD - unix socket.
[[0;32m  OK  [0m] Listening on D-Bus System Message Bus Socket.
[   54.129425] cloud-init[1069]: ci-info: |   2   | 192.168.0.0 | 0.0.0.0  | 255.255.255.0 |   enp0s8  |   U   |
[   54.612814] cloud-init[1069]: ci-info: +-------+-------------+----------+---------------+-----------+-------+
[[0;32m  OK  [0m] Started ACPI Events Check.
[[0;32m  OK  [0m] Reached target Paths.
[[0;32m  OK  [0m] Started Daily apt upgrade and clean activities.
[[0;32m  OK  [0m] Reached target Timers.
[[0;32m  OK  [0m] Listening on UUID daemon activation socket.
[[0;32m  OK  [0m] Reached target Cloud-config availability.
[[0;32m  OK  [0m] Reached target Network is Online.
         Starting iSCSI initiator daemon (iscsid)...
[[0;32m  OK  [0m] Listening on Socket activation for snappy daemon.
[[0;32m  OK  [0m] Listening on LXD - unix socket.
[[0;32m  OK  [0m] Reached target Sockets.
[[0;32m  OK  [0m] Reached target Basic System.
         Starting Apply the settings specified in cloud-config...
         Starting Virtualbox guest utils...
[[0;32m  OK  [0m] Started ACPI event daemon.
[[0;32m  OK  [0m] Started FUSE filesystem for LXC.
         Starting Login Service...
         Starting /etc/rc.local Compatibility...
         Starting LSB: MD monitoring daemon...
         Starting A high performance web server and a reverse proxy server...
         Starting The PHP 7.0 FastCGI Process Manager...
         Starting System Logging Service...
         Starting LXD - container startup/shutdown...
         Starting OpenBSD Secure Shell server...
         Starting Snappy daemon...
[[0;32m  OK  [0m] Started Unattended Upgrades Shutdown.
[[0;32m  OK  [0m] Started D-Bus System Message Bus.
[[0;32m  OK  [0m] Started Regular background program processing daemon.
[[0;32m  OK  [0m] Started Deferred execution scheduler.
         Starting LSB: Record successful boot for GRUB...
         Starting Accounts Service...
[[0;32m  OK  [0m] Started System Logging Service.
[[0;32m  OK  [0m] Started OpenBSD Secure Shell server.
[[0;32m  OK  [0m] Started iSCSI initiator daemon (iscsid).
[[0;32m  OK  [0m] Started /etc/rc.local Compatibility.
[[0;32m  OK  [0m] Started A high performance web server and a reverse proxy server.
[   59.835650] cloud-init[1130]: Cloud-init v. 17.2 running 'modules:config' at Thu, 05 Apr 2018 04:08:28 +0000. Up 57.84 seconds.
         Starting Login to default iSCSI targets...
[[0;32m  OK  [0m] Started Login Service.
[[0;32m  OK  [0m] Started Apply the settings specified in cloud-config.
[[0;32m  OK  [0m] Started LSB: Record successful boot for GRUB.
[[0;32m  OK  [0m] Started LSB: MD monitoring daemon.
[[0;32m  OK  [0m] Started Login to default iSCSI targets.
[[0;32m  OK  [0m] Reached target Remote File Systems (Pre).
[[0;32m  OK  [0m] Reached target Remote File Systems.
         Starting LSB: automatic crash report generation...
         Starting Permit User Sessions...
         Starting LSB: Set the CPU Frequency Scaling governor to "ondemand"...
         Starting LSB: daemon to balance interrupts for SMP systems...
[[0;32m  OK  [0m] Started LSB: Set the CPU Frequency Scaling governor to "ondemand".
[[0;32m  OK  [0m] Started Permit User Sessions.
         Starting Terminate Plymouth Boot Screen...
         Starting Hold until boot process finishes up...
[[0;32m  OK  [0m] Started Terminate Plymouth Boot Screen.
[[0;32m  OK  [0m] Started Hold until boot process finishes up.
[[0;32m  OK  [0m] Started Getty on tty1.
         Starting Set console scheme...
[[0;32m  OK  [0m] Started Serial Getty on ttyS0.
[[0;32m  OK  [0m] Reached target Login Prompts.
[[0;32m  OK  [0m] Started Virtualbox guest utils.
[[0;32m  OK  [0m] Started LSB: daemon to balance interrupts for SMP systems.
[[0;32m  OK  [0m] Started LSB: automatic crash report generation.
[[0;32m  OK  [0m] Started Set console scheme.
[[0;32m  OK  [0m] Created slice User Slice of vagrant.
         Starting Authenticate and Authorize Users to Run Privileged Tasks...
         Starting User Manager for UID 1000...
[[0;32m  OK  [0m] Started Session 1 of user vagrant.
[[0;32m  OK  [0m] Started Authenticate and Authorize Users to Run Privileged Tasks.
[[0;32m  OK  [0m] Started User Manager for UID 1000.
[[0;32m  OK  [0m] Started Accounts Service.
[[0;32m  OK  [0m] Started LXD - container startup/shutdown.
[[0;32m  OK  [0m] Started The PHP 7.0 FastCGI Process Manager.
[[0;32m  OK  [0m] Started Snappy daemon.
[[0;32m  OK  [0m] Reached target Multi-User System.
[[0;32m  OK  [0m] Reached target Graphical Interface.
         Starting Update UTMP about System Runlevel Changes...
         Starting Execute cloud user/final scripts...
[[0;32m  OK  [0m] Started Update UTMP about System Runlevel Changes.

Ubuntu 16.04.4 LTS ubuntu-xenial ttyS0

ubuntu-xenial login: [   71.231822] cloud-init[1368]: Cloud-init v. 17.2 running 'modules:final' at Thu, 05 Apr 2018 04:08:39 +0000. Up 68.96 seconds.
[   71.232725] cloud-init[1368]: Cloud-init v. 17.2 finished at Thu, 05 Apr 2018 04:08:41 +0000. Datasource DataSourceNoCloud [seed=/dev/sdb][dsmode=net].  Up 71.19 seconds
[[0;32m  OK  [0m] Stopped target Graphical Interface.
[[0;32m  OK  [0m] Stopped target Cloud-init target.
         Stopping Accounts Service...
         Stopping User Manager for UID 1000...
[[0;32m  OK  [0m] Closed Load/Save Ri[[0;32m  OK  [0m] Unmounted /var/lib/lxcfs.
[[0;32m  OK  [0m] Stopped ACPI event daemon.
[[0;32m  OK  [0m] Stopped System Logging Service.
[[0;32m  OK  [0m] Stopped OpenBSD Secure Shell server.
[[0;32m  OK  [0m] Stopped Snappy daemon.
[[0;32m  OK  [0m] Stopped Regular background program processing daemon.
[[0;32m  OK  [0m] Stopped Deferred execution scheduler.
[[0;32m  OK  [0m] Stopped Accounts Service.
[[0;32m  OK  [0m] Stopped Getty on tty1.
[[0;32m  OK  [0m] Stopped Serial Getty on ttyS0.
[[0;32m  OK  [0m] Stopped Authenticate and Authorize Users to Run Privileged Tasks.
[[0;32m  OK  [0m] Stopped The PHP 7.0 FastCGI Process Manager.
[[0;32m  OK  [0m] Stopped User Manager for UID 1000.
[[0;32m  OK  [0m] Stopped D-Bus System Message Bus.
[[0;32m  OK  [0m] Stopped A high performance web server and a reverse proxy server.
[[0;32m  OK  [0m] Stopped Session 4 of user vagrant.
[[0;32m  OK  [0m] Stopped FUSE filesystem for LXC.
[[0;32m  OK  [0m] Stopped LSB: daemon to balance interrupts for SMP systems.
[[0;32m  OK  [0m] Stopped LSB: Record successful boot for GRUB.
[[0;32m  OK  [0m] Stopped LSB: MD monitoring daemon.
[[0;32m  OK  [0m] Stopped LSB: Set the CPU Frequency Scaling governor to "ondemand".
[[0;32m  OK  [0m] Stopped LXD - container startup/shutdown.
[[0;32m  OK  [0m] Stopped Virtualbox guest utils.
[[0;32m  OK  [0m] Removed slice User Slice of vagrant.
         Stopping Login Service...
[[0;32m  OK  [0m] Removed slice system-serial\x2dgetty.slice.
         Stopping Permit User Sessions...
[[0;32m  OK  [0m] Removed slice system-getty.slice.
[[0;32m  OK  [0m] Stopped /etc/rc.local Compatibility.
[[0;32m  OK  [0m] Stopped Login Service.
[[0;32m  OK  [0m] Stopped LSB: automatic crash report generation.
[[0;32m  OK  [0m] Stopped Unattended Upgrades Shutdown.
[[0;32m  OK  [0m] Stopped Permit User Sessions.
[[0;32m  OK  [0m] Stopped target Remote File Systems.
[[0;32m  OK  [0m] Stopped target Remote File Systems (Pre).
         Stopping Login to default iSCSI targets...
[[0;32m  OK  [0m] Stopped target User and Group Name Lookups.
[[0;32m  OK  [0m] Stopped target Basic System.
[[0;32m  OK  [0m] Stopped target Sockets.
[[0;32m  OK  [0m] Closed UUID daemon activation socket.
[[0;32m  OK  [0m] Closed LXD - unix socket.
[[0;32m  OK  [0m] Closed Syslog Socket.
[[0;32m  OK  [0m] Closed ACPID Listen Socket.
[[0;32m  OK  [0m] Closed D-Bus System Message Bus Socket.
[[0;32m  OK  [0m] Closed Socket activation for snappy daemon.
[[0;32m  OK  [0m] Stopped target Paths.
[[0;32m  OK  [0m] Stopped ACPI Events Check.
[[0;32m  OK  [0m] Stopped target System Initialization.
         Stopping Update UTMP about System Boot/Shutdown...
[[0;32m  OK  [0m] Stopped target Encrypted Volumes.
         Stopping Load/Save Random Seed...
[[0;32m  OK  [0m] Stopped target Swap.
[[0;32m  OK  [0m] Stopped Forward Password Requests to Wall Directory Watch.
[[0;32m  OK  [0m] Stopped Dispatch Password Requests to Console Directory Watch.
[[0;32m  OK  [0m] Stopped target Slices.
[[0;32m  OK  [0m] Removed slice User and Session Slice.
[[0;32m  OK  [0m] Stopped Load/Save Random Seed.
[[0;32m  OK  [0m] Stopped Update UTMP about System Boot/Shutdown.
[[0;32m  OK  [0m] Stopped Login to default iSCSI targets.
         Stopping iSCSI initiator daemon (iscsid)...
[[0;32m  OK  [0m] Stopped Create Volatile Files and Directories.
[[0;32m  OK  [0m] Stopped iSCSI initiator daemon (iscsid).
[[0;32m  OK  [0m] Stopped target Network is Online.
[[0;32m  OK  [0m] Stopped Initial cloud-init job (metadata service crawler).
[[0;32m  OK  [0m] Stopped target Network.
         Stopping Raise network interfaces...
[[0;32m  OK  [0m] Stopped Raise network interfaces.
[[0;32m  OK  [0m] Stopped target Local File Systems.
         Unmounting /run/user/1000...
         Unmounting /vagrant...
[[0;32m  OK  [0m] Stopped Apply Kernel Variables.
[[0;32m  OK  [0m] Stopped target Network (Pre).
[[0;32m  OK  [0m] Stopped Initial cloud-init job (pre-networking).
[[0;32m  OK  [0m] Stopped Load Kernel Modules.
[[0;32m  OK  [0m] Unmounted /run/user/1000.
[[0;32m  OK  [0m] Unmounted /vagrant.
[[0;32m  OK  [0m] Reached target Unmount All Filesystems.
[[0;32m  OK  [0m] Stopped target Local File Systems (Pre).
[[0;32m  OK  [0m] Stopped Create Static Device Nodes in /dev.
[[0;32m  OK  [0m] Stopped Remount Root and Kernel File Systems.
[[0;32m  OK  [0m] Reached target Shutdown.
[ 2631.606249] reboot: System halted
